// Jest Snapshot v1, https://goo.gl/fbAQLP

exports[`correct text 1`] = `undefined`;

exports[`matches snapshot 1`] = `undefined`;
